Script started on Mon Mar 11 10:51:23 2013
[?1034hbash-3.2$ 
bash-3.2$ git push --tags[C[C[C[C[C[C[C[C[C[C[Kscript/cibuild 
Fetching gem metadata from https://rubygems.org/........
Fetching gem metadata from https://rubygems.org/..
Installing rake (10.0.3) 
Installing addressable (2.3.2) 
Installing ansi (1.4.3) 
Installing hiera (1.0.0) 
Installing highline (1.6.15) 
Installing json_pure (1.7.7) 
Installing json (1.7.7) with native extensions 
Installing thor (0.17.0) 
Installing librarian-puppet (0.9.8) 
Installing multipart-post (1.1.5) 
Installing faraday (0.8.5) 
Installing faraday_middleware (0.9.0) 
Installing hashie (1.2.0) 
Installing multi_json (1.6.0) 
Installing netrc (0.7.7) 
Installing octokit (1.23.0) 
Installing facter (1.6.17) 
Installing puppet (3.1.0) 
Installing boxen (1.0.0) 
Installing puppet-lint (0.3.2) 
Installing metaclass (0.0.1) 
Installing mocha (0.13.2) 
Installing rspec-core (2.12.2) 
Installing diff-lcs (1.1.3) 
Installing rspec-expectations (2.12.1) 
Installing rspec-mocks (2.12.2) 
Installing rspec (2.12.0) 
Installing rspec-puppet (0.1.6) 
Installing puppetlabs_spec_helper (0.4.1) 
Installing cardboard (1.0.0) 
Using bundler (1.2.3) 
[32mYour bundle is complete! It was installed into ./.bundle[0m
--> Checking syntax:
bash-3.2$ 
bash-3.2$ 
bash-3.2$ ls script/
cardboard-exec	cibuild		lint		specs		syntax
bash-3.2$ script/lint
bash-3.2$ script/specs
F

Failures:

  1) r 
     Failure/Error: })
     Puppet::Error:
       Could not find class r for fenrir.lan on node fenrir.lan
     # ./spec/classes/r_spec.rb:8:in `block (2 levels) in <top (required)>'

Finished in 0.04974 seconds
1 example, 1 failure

Failed examples:

rspec ./spec/classes/r_spec.rb:4 # r 
bash-3.2$ script/specs[K/syntax 
bash-3.2$ git status
fatal: Not a git repository (or any of the parent directories): .git
bash-3.2$ s[Kls
CONTRIBUTING.md	Gemfile		Gemfile.lock	README.md	cibuild		manifests	script		spec
bash-3.2$ git c[Kinit
Initialized empty Git repository in /Users/bedfordt/src/puppet-r/.git/
bash-3.2$ git a[Kstatus
# On branch master
#
# Initial commit
#
# Untracked files:
#   (use "git add <file>..." to include in what will be committed)
#
#	[31m.bundle/[m
#	[31mCONTRIBUTING.md[m
#	[31mGemfile[m
#	[31mGemfile.lock[m
#	[31mREADME.md[m
#	[31mcibuild[m
#	[31mmanifests/[m
#	[31mscript/[m
#	[31mspec/[m
nothing added to commit but untracked files present (use "git add" to track)
bash-3.2$ git add Con[K[KONTRIBUTING.md 
bash-3.2$ git add Gemfile*
bash-3.2$ git add README.md 
bash-3.2$ git add cibuild 
bash-3.2$ git s[Kadd manifests/
bash-3.2$ git add script/
bash-3.2$ git add spec/
bash-3.2$ git status
# On branch master
#
# Initial commit
#
# Changes to be committed:
#   (use "git rm --cached <file>..." to unstage)
#
#	[32mnew file:   CONTRIBUTING.md[m
#	[32mnew file:   Gemfile[m
#	[32mnew file:   Gemfile.lock[m
#	[32mnew file:   README.md[m
#	[32mnew file:   cibuild[m
#	[32mnew file:   manifests/init.pp[m
#	[32mnew file:   script/cardboard-exec[m
#	[32mnew file:   script/cibuild[m
#	[32mnew file:   script/lint[m
#	[32mnew file:   script/specs[m
#	[32mnew file:   script/syntax[m
#	[32mnew file:   spec/classes/r_spec.rb[m
#	[32mnew file:   spec/fixtures/manifests/site.pp[m
#	[32mnew file:   spec/fixtures/modules/beast/manifests[m
#	[32mnew file:   spec/spec_helper.rb[m
#
# Untracked files:
#   (use "git add <file>..." to include in what will be committed)
#
#	[31m.bundle/[m
bash-3.2$ 
bash-3.2$ git status
# On branch master
#
# Initial commit
#
# Changes to be committed:
#   (use "git rm --cached <file>..." to unstage)
#
#	[32mnew file:   CONTRIBUTING.md[m
#	[32mnew file:   Gemfile[m
#	[32mnew file:   Gemfile.lock[m
#	[32mnew file:   README.md[m
#	[32mnew file:   cibuild[m
#	[32mnew file:   manifests/init.pp[m
#	[32mnew file:   script/cardboard-exec[m
#	[32mnew file:   script/cibuild[m
#	[32mnew file:   script/lint[m
#	[32mnew file:   script/specs[m
#	[32mnew file:   script/syntax[m
#	[32mnew file:   spec/classes/r_spec.rb[m
#	[32mnew file:   spec/fixtures/manifests/site.pp[m
#	[32mnew file:   spec/fixtures/modules/beast/manifests[m
#	[32mnew file:   spec/spec_helper.rb[m
#
# Changes not staged for commit:
#   (use "git add/rm <file>..." to update what will be committed)
#   (use "git checkout -- <file>..." to discard changes in working directory)
#
#	[31mmodified:   cibuild[m
#	[31mdeleted:    spec/fixtures/modules/beast/manifests[m
#
# Untracked files:
#   (use "git add <file>..." to include in what will be committed)
#
#	[31m.bundle/[m
#	[31mspec/fixtures/modules/r/[m
bash-3.2$ git regit [K[K[K[K[K[K[K[K[K[Kgit reset HEAD
fatal: ambiguous argument 'HEAD': unknown revision or path not in the working tree.
Use '--' to separate paths from revisions, like this:
'git <command> [<revision>...] -- [<file>...]'
bash-3.2$ git status
# On branch master
#
# Initial commit
#
# Changes to be committed:
#   (use "git rm --cached <file>..." to unstage)
#
#	[32mnew file:   CONTRIBUTING.md[m
#	[32mnew file:   Gemfile[m
#	[32mnew file:   Gemfile.lock[m
#	[32mnew file:   README.md[m
#	[32mnew file:   cibuild[m
#	[32mnew file:   manifests/init.pp[m
#	[32mnew file:   script/cardboard-exec[m
#	[32mnew file:   script/cibuild[m
#	[32mnew file:   script/lint[m
#	[32mnew file:   script/specs[m
#	[32mnew file:   script/syntax[m
#	[32mnew file:   spec/classes/r_spec.rb[m
#	[32mnew file:   spec/fixtures/manifests/site.pp[m
#	[32mnew file:   spec/fixtures/modules/beast/manifests[m
#	[32mnew file:   spec/spec_helper.rb[m
#
# Changes not staged for commit:
#   (use "git add/rm <file>..." to update what will be committed)
#   (use "git checkout -- <file>..." to discard changes in working directory)
#
#	[31mmodified:   cibuild[m
#	[31mdeleted:    spec/fixtures/modules/beast/manifests[m
#
# Untracked files:
#   (use "git add <file>..." to include in what will be committed)
#
#	[31m.bundle/[m
#	[31mspec/fixtures/modules/r/[m
bash-3.2$ git reset --soft HEAD
fatal: ambiguous argument 'HEAD': unknown revision or path not in the working tree.
Use '--' to separate paths from revisions, like this:
'git <command> [<revision>...] -- [<file>...]'
bash-3.2$ git reset
fatal: Failed to resolve 'HEAD' as a valid ref.
bash-3.2$ git status
# On branch master
#
# Initial commit
#
# Changes to be committed:
#   (use "git rm --cached <file>..." to unstage)
#
#	[32mnew file:   CONTRIBUTING.md[m
#	[32mnew file:   Gemfile[m
#	[32mnew file:   Gemfile.lock[m
#	[32mnew file:   README.md[m
#	[32mnew file:   cibuild[m
#	[32mnew file:   manifests/init.pp[m
#	[32mnew file:   script/cardboard-exec[m
#	[32mnew file:   script/cibuild[m
#	[32mnew file:   script/lint[m
#	[32mnew file:   script/specs[m
#	[32mnew file:   script/syntax[m
#	[32mnew file:   spec/classes/r_spec.rb[m
#	[32mnew file:   spec/fixtures/manifests/site.pp[m
#	[32mnew file:   spec/fixtures/modules/beast/manifests[m
#	[32mnew file:   spec/spec_helper.rb[m
#
# Changes not staged for commit:
#   (use "git add/rm <file>..." to update what will be committed)
#   (use "git checkout -- <file>..." to discard changes in working directory)
#
#	[31mmodified:   cibuild[m
#	[31mdeleted:    spec/fixtures/modules/beast/manifests[m
#
# Untracked files:
#   (use "git add <file>..." to include in what will be committed)
#
#	[31m.bundle/[m
#	[31mspec/fixtures/modules/r/[m
bash-3.2$ gt r[K[K[Kit reset --hard
fatal: Failed to resolve 'HEAD' as a valid ref.
bash-3.2$ ig[K[Kgit status
# On branch master
#
# Initial commit
#
# Changes to be committed:
#   (use "git rm --cached <file>..." to unstage)
#
#	[32mnew file:   CONTRIBUTING.md[m
#	[32mnew file:   Gemfile[m
#	[32mnew file:   Gemfile.lock[m
#	[32mnew file:   README.md[m
#	[32mnew file:   cibuild[m
#	[32mnew file:   manifests/init.pp[m
#	[32mnew file:   script/cardboard-exec[m
#	[32mnew file:   script/cibuild[m
#	[32mnew file:   script/lint[m
#	[32mnew file:   script/specs[m
#	[32mnew file:   script/syntax[m
#	[32mnew file:   spec/classes/r_spec.rb[m
#	[32mnew file:   spec/fixtures/manifests/site.pp[m
#	[32mnew file:   spec/fixtures/modules/beast/manifests[m
#	[32mnew file:   spec/spec_helper.rb[m
#
# Changes not staged for commit:
#   (use "git add/rm <file>..." to update what will be committed)
#   (use "git checkout -- <file>..." to discard changes in working directory)
#
#	[31mmodified:   cibuild[m
#	[31mdeleted:    spec/fixtures/modules/beast/manifests[m
#
# Untracked files:
#   (use "git add <file>..." to include in what will be committed)
#
#	[31m.bundle/[m
#	[31mspec/fixtures/modules/r/[m
bash-3.2$ git add cibuild 
bash-3.2$ git add spec/-spec/[1Pspec/
bash-3.2$ git add -u
bash-3.2$ git status
# On branch master
#
# Initial commit
#
# Changes to be committed:
#   (use "git rm --cached <file>..." to unstage)
#
#	[32mnew file:   CONTRIBUTING.md[m
#	[32mnew file:   Gemfile[m
#	[32mnew file:   Gemfile.lock[m
#	[32mnew file:   README.md[m
#	[32mnew file:   cibuild[m
#	[32mnew file:   manifests/init.pp[m
#	[32mnew file:   script/cardboard-exec[m
#	[32mnew file:   script/cibuild[m
#	[32mnew file:   script/lint[m
#	[32mnew file:   script/specs[m
#	[32mnew file:   script/syntax[m
#	[32mnew file:   spec/classes/r_spec.rb[m
#	[32mnew file:   spec/fixtures/manifests/site.pp[m
#	[32mnew file:   spec/fixtures/modules/r/manifests[m
#	[32mnew file:   spec/spec_helper.rb[m
#
# Untracked files:
#   (use "git add <file>..." to include in what will be committed)
#
#	[31m.bundle/[m
bash-3.2$ git commit
[?1049h[?1h=[1;30r[?12;25h[?12l[?25h[27m[m[H[2J[?25l[30;1H".git/COMMIT_EDITMSG" 30L, 823C[>c[2;1H# Please enter the commit message for your changes. Lines starting
# with '#' will be ignored, and an empty message aborts the commit.
# On branch master
#
# Initial commit
#
# Changes to be committed:
#   (use "git rm --cached <file>..." to unstage)
#
#       new file:   CONTRIBUTING.md
#       new file:   Gemfile
#       new file:   Gemfile.lock
#       new file:   README.md
#       new file:   cibuild
#       new file:   manifests/init.pp
#       new file:   script/cardboard-exec
#       new file:   script/cibuild
#       new file:   script/lint
#       new file:   script/specs
#       new file:   script/syntax
#       new file:   spec/classes/r_spec.rb
#       new file:   spec/fixtures/manifests/site.pp
#       new file:   spec/fixtures/modules/r/manifests
#       new file:   spec/spec_helper.rb
#
# Untracked files:
#   (use "git add <file>..." to include in what will be committed)
#[1;1H[?12l[?25h[?25l[30;1H[1m-- INSERT --[m[30;13H[K[1;1H[?12l[?25h[?25lI[?12l[?25h[?25lIn[?12l[?25h[?25lni[?12l[?25h[?25lit[?12l[?25h[?25lti[?12l[?25h[?25lia[?12l[?25h[?25lal[?12l[?25h[?25l [?12l[?25h[?25l c[?12l[?25h[?25lco[?12l[?25h[?25lom[?12l[?25h[?25lmm[?12l[?25h[?25lmi[?12l[?25h[?25lit[?12l[?25h[?25l [?12l[?25h[?25l o[?12l[?25h[?25lof[?12l[?25h[?25l [?12l[?25h[?25l R[?12l[?25h[?25l [?12l[?25h[?25l p[?12l[?25h[?25lpu[?12l[?25h[?25lup[?12l[?25h[?25lpp[?12l[?25h[?25lpe[?12l[?25h[?25let[?12l[?25h[?25l [?12l[?25h[?25l m[?12l[?25h[?25lmo[?12l[?25h[?25lod[?12l[?25h[?25lde[?12l[?25h[?25leu[?12l[?25h[?25lul[?12l[?25h[?25l[1;33H[K[1;33H[?12l[?25h[?25l[1;32H[K[1;32H[?12l[?25h[?25l[1;31H[K[1;31H[?12l[?25h[?25ldu[?12l[?25h[?25lul[?12l[?25h[?25lle[?12l[?25h[?25le.[?12l[?25h[30;1H[K[1;34H[?25l[?12l[?25h
[?25l[30;1H:[?12l[?25hwq[?25l".git/COMMIT_EDITMSG" 30L, 857C written
[?1l>[?12l[?25h[?1049l[master (root-commit) f95a302] Initial commit of R puppet module.
 14 files changed, 441 insertions(+)
 create mode 100755 CONTRIBUTING.md
 create mode 100755 Gemfile
 create mode 100755 Gemfile.lock
 create mode 100755 README.md
 create mode 100644 cibuild
 create mode 100755 manifests/init.pp
 create mode 100755 script/cardboard-exec
 create mode 120000 script/cibuild
 create mode 120000 script/lint
 create mode 120000 script/specs
 create mode 120000 script/syntax
 create mode 100755 spec/classes/r_spec.rb
 create mode 100755 spec/fixtures/manifests/site.pp
 create mode 120000 spec/fixtures/modules/r/manifests
 create mode 100755 spec/spec_helper.rb
bash-3.2$ git remote add origin git@github.com:trvrb/puppet-r.git
bash-3.2$ git push -u origin master
Counting objects: 22, done.
Delta compression using up to 4 threads.
Compressing objects:   7% (1/14)   Compressing objects:  14% (2/14)   Compressing objects:  21% (3/14)   Compressing objects:  28% (4/14)   Compressing objects:  35% (5/14)   Compressing objects:  42% (6/14)   Compressing objects:  50% (7/14)   Compressing objects:  57% (8/14)   Compressing objects:  64% (9/14)   Compressing objects:  71% (10/14)   Compressing objects:  78% (11/14)   Compressing objects:  85% (12/14)   Compressing objects:  92% (13/14)   Compressing objects: 100% (14/14)   Compressing objects: 100% (14/14), done.
Writing objects:   4% (1/22)   Writing objects:   9% (2/22)   Writing objects:  13% (3/22)   Writing objects:  18% (4/22)   Writing objects:  22% (5/22)   Writing objects:  27% (6/22)   Writing objects:  31% (7/22)   Writing objects:  36% (8/22)   Writing objects:  40% (9/22)   Writing objects:  45% (10/22)   Writing objects:  50% (11/22)   Writing objects:  54% (12/22)   Writing objects:  59% (13/22)   Writing objects:  63% (14/22)   Writing objects:  68% (15/22)   Writing objects:  72% (16/22)   Writing objects:  77% (17/22)   Writing objects:  81% (18/22)   Writing objects:  86% (19/22)   Writing objects:  90% (20/22)   Writing objects:  95% (21/22)   Writing objects: 100% (22/22)   Writing objects: 100% (22/22), 4.51 KiB, done.
Total 22 (delta 0), reused 0 (delta 0)
To git@github.com:trvrb/puppet-r.git
 * [new branch]      master -> master
Branch master set up to track remote branch master from origin.
bash-3.2$ git tag 0.0.0[K1
bash-3.2$ git push --tags
Total 0 (delta 0), reused 0 (delta 0)
To git@github.com:trvrb/puppet-r.git
 * [new tag]         0.0.1 -> 0.0.1
bash-3.2$ git status
# On branch master
# Changes not staged for commit:
#   (use "git add <file>..." to update what will be committed)
#   (use "git checkout -- <file>..." to discard changes in working directory)
#
#	[31mmodified:   cibuild[m
#	[31mmodified:   manifests/init.pp[m
#	[31mmodified:   spec/classes/r_spec.rb[m
#
# Untracked files:
#   (use "git add <file>..." to include in what will be committed)
#
#	[31m.bundle/[m
no changes added to commit (use "git add" and/or "git commit -a")
bash-3.2$ git add [K[K[K[K[K[K[K[Kgit add -u
bash-3.2$ git status
# On branch master
# Changes to be committed:
#   (use "git reset HEAD <file>..." to unstage)
#
#	[32mmodified:   cibuild[m
#	[32mmodified:   manifests/init.pp[m
#	[32mmodified:   spec/classes/r_spec.rb[m
#
# Untracked files:
#   (use "git add <file>..." to include in what will be committed)
#
#	[31m.bundle/[m
bash-3.2$ git commit
[?1049h[?1h=[1;30r[?12;25h[?12l[?25h[27m[m[H[2J[?25l[30;1H".git/COMMIT_EDITMSG" 15L, 424C[>c[2;1H# Please enter the commit message for your changes. Lines starting
# with '#' will be ignored, and an empty message aborts the commit.
# On branch master
# Changes to be committed:
#   (use "git reset HEAD <file>..." to unstage)
#
#       modified:   cibuild
#       modified:   manifests/init.pp
#       modified:   spec/classes/r_spec.rb
#
# Untracked files:
#   (use "git add <file>..." to include in what will be committed)
#
#       .bundle/
[1m[34m~                                                                                                                                 [17;1H~                                                                                                                                 [18;1H~                                                                                                                                 [19;1H~                                                                                                                                 [20;1H~                                                                                                                                 [21;1H~                                                                                                                                 [22;1H~                                                                                                                                 [23;1H~                                                                                                                                 [24;1H~                                                                                                                                 [25;1H~                                                                                                                                 [26;1H~                                                                                                                                 [27;1H~                                                                                                                                 [28;1H~                                                                                                                                 [29;1H~                                                                                                                                 [1;1H[?12l[?25h[?25l[m[30;1H[1m-- INSERT --[m[30;13H[K[1;1H[?12l[?25h[?25lP[?12l[?25h[?25lPa[?12l[?25h[?25lac[?12l[?25h[?25lck[?12l[?25h[?25lka[?12l[?25h[?25lag[?12l[?25h[?25l[1;6H[K[1;6H[?12l[?25h[?25l[1;5H[K[1;5H[?12l[?25h[?25lka[?12l[?25h[?25lag[?12l[?25h[?25lge[?12l[?25h[?25l [?12l[?25h[?25l t[?12l[?25h[?25lty[?12l[?25h[?25lyp[?12l[?25h[?25lpe[?12l[?25h[?25l [?12l[?25h[?25l s[?12l[?25h[?25lsh[?12l[?25h[?25lho[?12l[?25h[?25lou[?12l[?25h[?25lul[?12l[?25h[?25lld[?12l[?25h[?25l [?12l[?25h[?25l e[?12l[?25h[?25l[1;21H[K[1;21H[?12l[?25h[?25l b[?12l[?25h[?25lbe[?12l[?25h[?25l [?12l[?25h[?25l '[?12l[?25h[?25l'p[?12l[?25h[?25lpk[?12l[?25h[?25lkg[?12l[?25h[?25lg'[?12l[?25h[?25l'.[?12l[?25h[30;1H[K[1;29H[?25l[?12l[?25h[?25l[30;1H:[?12l[?25hq[?25l[30;2H[K[30;2H[?12l[?25hwq[?25l".git/COMMIT_EDITMSG" 15L, 453C written
[?1l>[?12l[?25h[?1049l[master fc0eae7] Package type should be 'pkg'.
 3 files changed, 98 insertions(+), 3 deletions(-)
bash-3.2$ g[Kgit push[K[K[K[Ktag 0.0.2
bash-3.2$ git push
Counting objects: 15, done.
Delta compression using up to 4 threads.
Compressing objects:  16% (1/6)   Compressing objects:  33% (2/6)   Compressing objects:  50% (3/6)   Compressing objects:  66% (4/6)   Compressing objects:  83% (5/6)   Compressing objects: 100% (6/6)   Compressing objects: 100% (6/6), done.
Writing objects:  12% (1/8)   Writing objects:  25% (2/8)   Writing objects:  37% (3/8)   Writing objects:  50% (4/8)   Writing objects:  62% (5/8)   Writing objects:  75% (6/8)   Writing objects:  87% (7/8)   Writing objects: 100% (8/8)   Writing objects: 100% (8/8), 2.00 KiB, done.
Total 8 (delta 4), reused 0 (delta 0)
To git@github.com:trvrb/puppet-r.git
   f95a302..fc0eae7  master -> master
bash-3.2$ git push --tags
Total 0 (delta 0), reused 0 (delta 0)
To git@github.com:trvrb/puppet-r.git
 * [new tag]         0.0.2 -> 0.0.2
bash-3.2$ 